H:\IDEA编程\maven\myLibrary\src\main\java\cqut\cn\edu\web\UsernameIsExistServlet.java
H:\IDEA编程\maven\myLibrary\src\main\java\cqut\cn\edu\pojo\Book.java
H:\IDEA编程\maven\myLibrary\src\main\java\cqut\cn\edu\service\Bookservice.java
H:\IDEA编程\maven\myLibrary\src\main\java\cqut\cn\edu\web\SelectAllSerlvet.java
H:\IDEA编程\maven\myLibrary\src\main\java\cqut\cn\edu\service\UserService.java
H:\IDEA编程\maven\myLibrary\src\main\java\cqut\cn\edu\web\UpdatebookServlet.java
H:\IDEA编程\maven\myLibrary\src\main\java\cqut\cn\edu\leetcode\leetcode.java
H:\IDEA编程\maven\myLibrary\src\main\java\cqut\cn\edu\web\DeletebyidsServlet.java
H:\IDEA编程\maven\myLibrary\src\main\java\cqut\cn\edu\web\DeletebookServlet.java
H:\IDEA编程\maven\myLibrary\src\main\java\cqut\cn\edu\web\RegisterServlet.java
H:\IDEA编程\maven\myLibrary\src\main\java\cqut\cn\edu\web\SelectbyconditionSerlvet.java
H:\IDEA编程\maven\myLibrary\src\main\java\cqut\cn\edu\pojo\User.java
H:\IDEA编程\maven\myLibrary\src\main\java\cqut\cn\edu\web\LoginServlet.java
H:\IDEA编程\maven\myLibrary\src\main\java\cqut\cn\edu\web\filter\LoginFilter.java
H:\IDEA编程\maven\myLibrary\src\main\java\cqut\cn\edu\util\SqlSessionFactoryUtils.java
H:\IDEA编程\maven\myLibrary\src\main\java\cqut\cn\edu\pojo\Paging.java
H:\IDEA编程\maven\myLibrary\src\main\java\cqut\cn\edu\web\SelectByPageSerlvet.java
H:\IDEA编程\maven\myLibrary\src\main\java\cqut\cn\edu\web\AddbookServlet.java
H:\IDEA编程\maven\myLibrary\src\main\java\cqut\cn\edu\mapper\BookMapper.java
H:\IDEA编程\maven\myLibrary\src\main\java\cqut\cn\edu\mapper\UserMapper.java
